../Drivers/CMSIS/Include/core_cm3.h:1876:26:ITM_SendChar	16	static,ignoring_inline_asm
../Core/Src/main.c:54:5:_write	32	static
../Core/Src/main.c:111:6:adxl_write	24	static
../Core/Src/main.c:121:6:adxl_read	24	static
../Core/Src/main.c:131:6:HAL_GPIO_EXTI_Callback	16	static,ignoring_inline_asm
../Core/Src/main.c:166:6:adxl_init	8	static
../Core/Src/main.c:222:6:adxl_read_data	8	static
../Core/Src/main.c:257:5:main	8	static
../Core/Src/main.c:304:6:SystemClock_Config	80	static
../Core/Src/main.c:348:13:MX_SPI1_Init	8	static
../Core/Src/main.c:386:13:MX_GPIO_Init	40	static
../Core/Src/main.c:435:6:Error_Handler	4	static,ignoring_inline_asm
